Parsed 111 entries
[1/111] OK Macdonnell Road, Mid-Levels (near Silvercrest) -> (22.2751722, 114.1571206)
[2/111] MISS Parking Area outside Exit C of Sai Ying Pun MTR Station -> centroid
[3/111] OK No. 99 Caine Road, Central (near Albron Court) -> (22.2810984, 114.1522052)
[4/111] MISS Junction of Forbes Street and Davis Street, Kennedy Town (ne -> centroid
[5/111] OK Praya Kennedy Town, Kennedy Town (near Brilliant Court) -> (22.284499, 114.1305653)
[6/111] MISS Junction of Graham Street and Hollywood Road, Central (near  -> centroid
[7/111] MISS Junction of Queen's Road Central and Cochrane Street, Centra -> centroid
[8/111] MISS Junction of Third Street and Centre Street, Sai Ying Pun (ne -> centroid
[9/111] MISS Near Children's Playground on Whitty Street, Shek Tong Tsui  -> centroid
[10/111] MISS Junction of Wang On Road and Fook Yum Road, North Point (nea -> centroid
[11/111] MISS 鰂魚涌芬尼街與海康街交界（近鰂魚涌港鐵站 B 出口） -> centroid
[12/111] MISS 環境保護署在全港不同地區設立了 105 個「廚 -> centroid
[13/111] MISS 餘回收流動點 」，每晚以定時定點街站 或流動 -> centroid
[14/111] MISS 車的方式， 為附近小型商戶和居民提供廚餘回 -> centroid
[15/111] MISS The Environmental Protection Department has set up 105 Food  -> centroid
[16/111] MISS Junction of Java Road and North Point Road, North Point (nea -> centroid
[17/111] OK No. 33 Cloud View Road, Braemar Hill, North Point (outside C -> (22.2871588, 114.1971815)
[18/111] MISS Junction of North View Street and King's Road, North Point ( -> centroid
[19/111] OK Mong Lung Street Sitting-out Area, Shau Kei Wan (near Tung S -> (22.2789515, 114.2297884)
[20/111] MISS Junction of Marsh Road and Lockhart Road, Wan Chai (near Chu -> centroid
[21/111] MISS Junction of Johnston Road and Fenwick Street, Wan Chai (outs -> centroid
[22/111] MISS Junction of Burrows Street and Cross Lane, Wan Chai (near Vi -> centroid
[23/111] MISS Junction of Canal Road East and Leighton Road, Causeway Bay  -> centroid
[24/111] MISS Junction of Tung Lo Wan Road and Wun Sha Street, Tai Hang (o -> centroid
[25/111] OK Public pavement outside 2 King Kwong Street, Happy Valley (n -> (22.269101, 114.1856635)
[26/111] MISS Junction of Ap Lei Chau Main Street and Wai Fung Street, Ap  -> centroid
[27/111] MISS Junction of Shouson Hill Road and Wong Chuk Hang Road, Wong  -> centroid
[28/111] MISS Junction of  Wah Ting Street and Yuet Hoi Street, Ap Lei Cha -> centroid
[29/111] OK 7 Nam Ning Street, Aberdeen (outside Aberdeen Centre) -> (22.2482546, 114.1534159)
[30/111] OK 20 Yue Fai Road, Aberdeen (near minibus terminus) -> (22.2484152, 114.1561662)
[31/111] OK 81 Shek Pai Wan Road, Tin Wan (opposite to South View Garden -> (22.2497859, 114.1471063)
[32/111] MISS Junction of Baker Street and Ming On Street, Hung Hom (near  -> centroid
[33/111] OK Fuk Lo Tsun Road, Kowloon City (near Chi Chun Court) -> (22.3298232, 114.1876569)
[34/111] MISS 661-673 Gillies Avenue North, Hung Hom (near Cheong Shing Co -> centroid
[35/111] MISS Public pavement at Junction of Pak Tai Street and San Shan R -> centroid
[36/111] MISS 80 Wuhu Street outside Gillies Avenue South, Hung Hom (near  -> centroid
[37/111] MISS Public pavement at Whampoa Garden Phase 5 Oak Mansions Block -> centroid
[38/111] MISS Public pavement outside Cascades Block 1, Good Shepherd Stre -> centroid
[39/111] MISS Public pavement outside Sitting-out Area in Ting Yue Square, -> centroid
[40/111] MISS Public pavement outside Yau Lee Building, Yee On Street, Nga -> centroid
[41/111] MISS Public payment of Ka Wing Street (near Yau Tong Centre Tower -> centroid
[42/111] OK Public pavement outside Kin Tak House, Hip Wo Street, Kwun T -> (22.3156636, 114.2258165)
[43/111] OK Public pavement outside 69 Lei Yue Mun Praya Road (near Kong -> (22.2920837, 114.2389529)
[44/111] OK Sham Shui Po -> (22.329757, 114.160851)
[45/111] MISS Sham Shui Po MTR Station Exit D2, Sham Shui Po (near Golden  -> centroid
[46/111] OK Hing Wah Street, Sham Shui Po (near Hing Wah Apartments) -> (22.3315774, 114.1488128)
[47/111] MISS Junction of Hai Tan Street and Yee Kuk Street, Sham Shui Po  -> centroid
[48/111] MISS Public pavement underneath the Kwai Chung Road Flyover, Sham -> centroid
[49/111] MISS Public pavement of Yen Chow Street outside Milan Place (near -> centroid
[50/111] MISS Junction of Kiu Kiang Street and Castle Peak Road, Sham Shui -> centroid
[51/111] MISS Public pavement at Junction of Tak Ku Ling Road and Lok Sin  -> centroid
[52/111] MISS 慈雲山雙鳳街與金鳳街交界對出行人路（慈雲山綜合家庭服務 -> centroid
[53/111] MISS Public pavement at Junction of Sheung Fung Street and Kam Fu -> centroid
[54/111] OK Public pavement outside Shung Ling Street Sitting-out Area,  -> (22.3343575, 114.1962103)
[55/111] MISS Public pavement outside Man Po Building, Yuk Wah Crescent, T -> centroid
[56/111] OK Public pavement outside 18 Wan Fung Street, Tsz Wan Shan (ne -> (22.3437361, 114.1981116)
[57/111] OK Yau Tsim Mong -> (22.3044867, 114.1796935)
[58/111] OK 21 Pok Man Street, Mong Kok (near Peony House West Block) -> (22.3194763, 114.1604899)
[59/111] MISS Yau Ma Tei MTR Station Exit A1, Yau Mai Tei (near Bell House -> centroid
[60/111] MISS 412 Portland Street, Prince Edward (near Ju Xing Home) -> centroid
[61/111] MISS East Tsim Sha Tsui MTR Station Exit N2, Tsim Sha Tsui  (near -> centroid
[62/111] MISS Junction of Hak Po Street and Pak Po Street, Mong Kok (near  -> centroid
[63/111] MISS Junction of Temple Street and Nanking Street, Jordan (near N -> centroid
[64/111] OK 21 Kwong Fai Circuit, Kwai Chung (near Cheong Fat Building) -> (22.3680302, 114.1330874)
[65/111] OK 107 Tai Loong Street, Kwai Chung (near Cheong Wing Mansion) -> (22.3648166, 114.1372227)
[66/111] MISS Outside Shek Yam Road Rest Garden No.2, Shek Yam Road, Kwai  -> centroid
[67/111] MISS Junction of Lai Fong Street and Shun Fong Street, Kwai Chung -> centroid
[68/111] OK 3 Tak Tai Path, Kwai Chung (near Tak Tai Court) -> (22.3693365, 114.1232937)
[69/111] OK Tsing King Road, Tsing Yi (near St. Paul’s Village) -> (22.360156, 114.1031401)
[70/111] MISS Junction of San Hong Street & Tsun Fu Street, Sheung Shui -> centroid
[71/111] MISS Junction of San Sing Avenue & Fu Hing Street, Sheung Shui (n -> centroid
[72/111] OK San Wan Road, Fanling (near Fanling Centre) -> (22.4942586, 114.1380186)
[73/111] OK Lui Ming Road, Fanling (near Wah Ming Estate Bus Terminus) -> (22.4852468, 114.1407334)
[74/111] OK Wo Tai Street, Luen Wo Hui (near Union Plaza) -> (22.5005957, 114.1431605)
[75/111] OK Po Tung Road (diagonal to Temple Car Park) -> (22.381648, 114.2707688)
[76/111] OK Sai Kung Hoi Pong Square (near Mini-bus Terminus) -> (22.3815137, 114.2734462)
[77/111] OK Public pavement outside Bauhinia Garden Multi-storey Car Par -> (22.3076036, 114.2624516)
[78/111] MISS Public pavement outside Po Lam Estate Multipurpose Hall, Tse -> centroid
[79/111] OK Tsuen Nam Road, Tai Wai (near Grandway Garden) -> (22.3742633, 114.1795508)
[80/111] MISS Junction of Hin Keng Street and Hin Tin Street, Tai Wai (out -> centroid
[81/111] OK Tin Sam Street, Tai Wai (Pavement next to Tin Sam Garden No. -> (22.3692152, 114.1796989)
[82/111] OK Yi Shing Square, Sha Tin Wai (near Lai Shing Garden) -> (22.3805217, 114.1956179)
[83/111] OK Kwong Sin Street, Siu Lek Yuen (near Siu Lek Yuen Tsuen entr -> (22.3836275, 114.214147)
[84/111] MISS No. 1 Ngan Shing Street, City One Shatin (near Pak Tak Stree -> centroid
[85/111] OK Chevalier Garden, Ma On Shan (near Bus Terminus) -> (22.4076764, 114.2224323)
[86/111] OK Nam Wan Road (near Wan Loi House, Wan Tau Tong Estate) -> (22.4475637, 114.1720633)
[87/111] OK Tai Ming Lane (near Tai Ming Lane Square) -> (22.447436, 114.1676796)
[88/111] MISS Junction of Kwong Fuk Road and Tsing Yuen Street (near Kwong -> centroid
[89/111] OK On Chee Road (near Jade Plaza) -> (22.4528702, 114.1680298)
[90/111] OK Tai Po Tai Wo Road (near Greenery Plaza) -> (22.4510614, 114.1750302)
[91/111] OK Po Nga Road (near Tsui Wo House, Tai Wo Estate) -> (22.4518925, 114.1598483)
[92/111] OK 118 Chuen Lung Street, Tsuen Wan (near Optimall) -> (22.3691767, 114.1149146)
[93/111] MISS Junction of Chung On Street and Tsuen Wan Market Street, Tsu -> centroid
[94/111] OK 62 Heung Wo Street, Tsuen Wan (near Good View Mansion) -> (22.3718499, 114.1115117)
[95/111] MISS Junction of Lung Yue Road and Lung Tang Road, Tsing Lung Tau -> centroid
[96/111] OK On Wing Street, Tsuen Wan (near Fortune Mansion) -> (22.3727014, 114.115765)
[97/111] OK Sham Tseng, Tsuen Wan (near Fu Kee Restaurant) -> (22.3676522, 114.0597802)
[98/111] MISS Tsing Shan Square near Tsing Shan Children's Playground (opp -> centroid
[99/111] MISS Tak Ching Count (open space opposite to Hoi Shing Building ) -> centroid
[100/111] MISS Junction of Yan Oi Tong Circuit and Kei Lun Path, San Hui (n -> centroid
[101/111] MISS Junction of Tsing Hang Path and Tsing Ling Path, San Hui (ne -> centroid
[102/111] OK Lam Tei (open area near Block 2, E Lu) -> (22.4186987, 113.981894)
[103/111] OK On Hing Street, Yuen Long (open space between Ho Choi Buildi -> (22.4458985, 114.0281678)
[104/111] MISS Ping Cheong Path, Long Ping (near Sir Denys Roberts Squash C -> centroid
[105/111] MISS Rain Shelter at Wang Lok Street, Yuen Long (near Exit A of L -> centroid
[106/111] MISS Junction of Kau Yuk Road and Sai Yu Path (near KOLOUR‧Yuen L -> centroid
[107/111] OK Shui Che Kwun Lane (open space between Pearl House and Golde -> (22.4449129, 114.0315651)
[108/111] MISS Open space outside Fung Kwan Street Garden at Fung Kwan Path -> centroid
[109/111] MISS Open Space opposite Hung Tak Road Sitting-out Area No.2 (nea -> centroid
[110/111] OK Kam Tin Road (near Kam Tin Post Office) -> (22.4412093, 114.0888902)
[111/111] MISS Refuse collection point near Ha Tsuen Heung Archway -> centroid
Wrote /Users/lolo/Desktop/WFEP_product/scripts/food_waste_parsed.json
